
> build
> nuxt build

Γöî  [36mBuilding Nuxt for production...[39m
Γöé
ΓùÅ  [32mNuxt [1m4.5.2[22m[39m[90m (with [39m[90mNitro [1m2.13.4[22m[39m[90m, Vite [1m8.2.2[22m[39m[90m and Vue [1m3.5.42[22m[39m[90m)[39m
[36mΓä╣[39m Nuxt Icon server bundle mode is set to [36mlocal[39m
Γöé
ΓùÅ  Nitro preset: [36mnode-server[39m
[90m[[90mnuxt[90m][39m [36mΓä╣[39m Compiled [36mtypes/nitro-nuxt.d.ts[39m in 530.72ms
[90m[[90mnuxt[90m][39m [36mΓä╣[39m Compiled [36mtypes/shared-imports.d.ts[39m in 797.96ms
[90m[[90mnuxt[90m][39m [36mΓä╣[39m Compiled [36mtypes/runtime-config.d.ts[39m in 851.16ms
[90m[[90mnuxt[90m][39m [36mΓä╣[39m Compiled [36mtypes/imports.d.ts[39m in 1019.09ms
[90m[[90mnuxt[90m][39m [36mΓä╣[39m Compiled [36mnuxt-icon-client-bundle.mjs[39m in 1028.85ms
[90m[[90mnuxt[90m][39m [36mΓä╣[39m Compiled [36mrouter.options.mjs[39m in 1042ms
[90m[[90mnuxt[90m][39m [36mΓä╣[39m Compiled [36mnuxt.config.mjs[39m in 1367.17ms
[36mΓä╣[39m Building client...
[36mΓä╣[39m [36mvite v8.2.2 [32mbuilding client environment for production...[36m[39m
transforming...
Γ£ô 914 modules transformed.
rendering chunks...
computing gzip size...
[36mΓä╣[39m node_modules/.cache/nuxt/.nuxt/dist/client/manifest.json                      7.29 kB Γöé gzip:   1.12 kB
node_modules/.cache/nuxt/.nuxt/dist/client/_nuxt/logo-white.C2dFZhBt.png     37.70 kB
node_modules/.cache/nuxt/.nuxt/dist/client/_nuxt/logo-dark.DN5q_bAD.png      88.51 kB
node_modules/.cache/nuxt/.nuxt/dist/client/_nuxt/error-500.Bwd7zAaE.css       1.90 kB Γöé gzip:   0.72 kB
node_modules/.cache/nuxt/.nuxt/dist/client/_nuxt/pages.Bjag6HSe.css           1.95 kB Γöé gzip:   0.75 kB
node_modules/.cache/nuxt/.nuxt/dist/client/_nuxt/error-404.Bb87HomL.css       2.42 kB Γöé gzip:   0.85 kB
node_modules/.cache/nuxt/.nuxt/dist/client/_nuxt/entry.Dg0h0N6g.css         274.35 kB Γöé gzip:  36.07 kB
node_modules/.cache/nuxt/.nuxt/dist/client/_nuxt/CNs_Ozdc.js                  0.02 kB Γöé gzip:   0.04 kB
node_modules/.cache/nuxt/.nuxt/dist/client/_nuxt/pzoVmZk3.js                  0.09 kB Γöé gzip:   0.11 kB
node_modules/.cache/nuxt/.nuxt/dist/client/_nuxt/BSlOCIDl.js                  0.28 kB Γöé gzip:   0.23 kB
node_modules/.cache/nuxt/.nuxt/dist/client/_nuxt/DuuSVvCS.js                  0.37 kB Γöé gzip:   0.27 kB
node_modules/.cache/nuxt/.nuxt/dist/client/_nuxt/DNK6sIkG.js                  0.67 kB Γöé gzip:   0.41 kB
node_modules/.cache/nuxt/.nuxt/dist/client/_nuxt/8BhlS34s.js                  0.80 kB Γöé gzip:   0.47 kB
node_modules/.cache/nuxt/.nuxt/dist/client/_nuxt/DBmnxXaF.js                  0.82 kB Γöé gzip:   0.53 kB
node_modules/.cache/nuxt/.nuxt/dist/client/_nuxt/C-5YVoAR.js                  0.93 kB Γöé gzip:   0.57 kB
node_modules/.cache/nuxt/.nuxt/dist/client/_nuxt/DzJFEMeG.js                  1.96 kB Γöé gzip:   0.82 kB
node_modules/.cache/nuxt/.nuxt/dist/client/_nuxt/bW6NxFOP.js                  3.15 kB Γöé gzip:   1.36 kB
node_modules/.cache/nuxt/.nuxt/dist/client/_nuxt/BuUfyt0Y.js                  3.37 kB Γöé gzip:   1.53 kB
node_modules/.cache/nuxt/.nuxt/dist/client/_nuxt/Dq0zoiRQ.js                  3.72 kB Γöé gzip:   1.69 kB
node_modules/.cache/nuxt/.nuxt/dist/client/_nuxt/B_byDtOD.js                  4.54 kB Γöé gzip:   1.98 kB
node_modules/.cache/nuxt/.nuxt/dist/client/_nuxt/glXxD2qa.js                  4.90 kB Γöé gzip:   1.69 kB
node_modules/.cache/nuxt/.nuxt/dist/client/_nuxt/BdwVeFoU.js                  6.03 kB Γöé gzip:   2.29 kB
node_modules/.cache/nuxt/.nuxt/dist/client/_nuxt/Cz3_9m1B.js                  7.30 kB Γöé gzip:   2.90 kB
node_modules/.cache/nuxt/.nuxt/dist/client/_nuxt/DbGITKL9.js                  9.54 kB Γöé gzip:   3.11 kB
node_modules/.cache/nuxt/.nuxt/dist/client/_nuxt/CBn0w4PW.js                 15.37 kB Γöé gzip:   4.30 kB
node_modules/.cache/nuxt/.nuxt/dist/client/_nuxt/C1f6t3HM.js                 22.86 kB Γöé gzip:   6.85 kB
node_modules/.cache/nuxt/.nuxt/dist/client/_nuxt/77pXva7c.js                 36.41 kB Γöé gzip:  14.25 kB
node_modules/.cache/nuxt/.nuxt/dist/client/_nuxt/C_LR29OV.js                 41.55 kB Γöé gzip:  15.34 kB
node_modules/.cache/nuxt/.nuxt/dist/client/_nuxt/CIMiv4lj.js                 83.36 kB Γöé gzip:  24.58 kB
node_modules/.cache/nuxt/.nuxt/dist/client/_nuxt/CB1r9-4R.js                 85.15 kB Γöé gzip:  26.28 kB
node_modules/.cache/nuxt/.nuxt/dist/client/_nuxt/BPagxLzB.js                 94.13 kB Γöé gzip:  36.58 kB
node_modules/.cache/nuxt/.nuxt/dist/client/_nuxt/p5JGFXR7.js                158.34 kB Γöé gzip:  54.93 kB
node_modules/.cache/nuxt/.nuxt/dist/client/_nuxt/CUg8gfLY.js              1,867.32 kB Γöé gzip: 518.41 kB

[36mΓä╣[39m [32mΓ£ô built in 12.50s[39m
[32mΓ£ö[39m Client built in 12587ms
[36mΓä╣[39m Building server...
[36mΓä╣[39m [36mvite v8.2.2 [32mbuilding ssr environment for production...[36m[39m
transforming...
Γ£ô 761 modules transformed.
rendering chunks...
[36mΓä╣[39m node_modules/.cache/nuxt/.nuxt/dist/server/_nuxt/index-styles.MU3pIPtq.mjs             0.08 kB
node_modules/.cache/nuxt/.nuxt/dist/server/_nuxt/error-404-styles.CbLQIMfl.mjs         0.08 kB
node_modules/.cache/nuxt/.nuxt/dist/server/_nuxt/error-500-styles.CB5z51D_.mjs         0.08 kB
node_modules/.cache/nuxt/.nuxt/dist/server/styles.mjs                                  0.43 kB
node_modules/.cache/nuxt/.nuxt/dist/server/_nuxt/ready-CP4MOk9i.js                     0.04 kB
node_modules/.cache/nuxt/.nuxt/dist/server/_nuxt/utils-BIPN8YEF.js                     0.15 kB Γöé map:   1.45 kB
node_modules/.cache/nuxt/.nuxt/dist/server/_nuxt/logo-white-DsJZx6wa.js                0.21 kB Γöé map:   0.25 kB
node_modules/.cache/nuxt/.nuxt/dist/server/_nuxt/pages-64kI0qI8.js                     0.22 kB Γöé map:   1.64 kB
node_modules/.cache/nuxt/.nuxt/dist/server/_nuxt/auth-Daj42KFx.js                      1.06 kB Γöé map:   0.37 kB
node_modules/.cache/nuxt/.nuxt/dist/server/_nuxt/head-DFjgwIuj.js                      1.19 kB Γöé map:   3.97 kB
node_modules/.cache/nuxt/.nuxt/dist/server/_nuxt/client-only-AWOZlvdd.js               1.35 kB Γöé map:   6.33 kB
node_modules/.cache/nuxt/.nuxt/dist/server/_nuxt/google-D4G5hdfO.js                    1.95 kB Γöé map:   2.08 kB
node_modules/.cache/nuxt/.nuxt/dist/server/_nuxt/utils-BSkRbUIp.js                     2.16 kB Γöé map:   7.40 kB
node_modules/.cache/nuxt/.nuxt/dist/server/_nuxt/index-3-styles-1.mjs-B9dcg8cC.js      2.26 kB Γöé map:   3.20 kB
node_modules/.cache/nuxt/.nuxt/dist/server/_nuxt/web-CrHoB4bn.js                       2.30 kB Γöé map:   1.34 kB
node_modules/.cache/nuxt/.nuxt/dist/server/_nuxt/error-500-styles-1.mjs-DmnddYjN.js    2.30 kB Γöé map:   5.12 kB
node_modules/.cache/nuxt/.nuxt/dist/server/_nuxt/error-404-styles-1.mjs-C-j5XbVV.js    2.83 kB Γöé map:   5.77 kB
node_modules/.cache/nuxt/.nuxt/dist/server/_nuxt/dashboard-Dn_Vd1om.js                 3.26 kB Γöé map:   5.60 kB
node_modules/.cache/nuxt/.nuxt/dist/server/_nuxt/error-500-RfpjeEsN.js                 4.35 kB Γöé map:   5.45 kB
node_modules/.cache/nuxt/.nuxt/dist/server/_nuxt/error-404-DuqYuHvN.js                 5.06 kB Γöé map:   6.25 kB
node_modules/.cache/nuxt/.nuxt/dist/server/_nuxt/auth-DLoPuY_O.js                      7.58 kB Γöé map:  24.66 kB
node_modules/.cache/nuxt/.nuxt/dist/server/_nuxt/nuxt-CUmqiR5h.js                      7.69 kB Γöé map:  23.36 kB
node_modules/.cache/nuxt/.nuxt/dist/server/_nuxt/error-CTSjVjAc.js                     7.79 kB Γöé map:  20.68 kB
node_modules/.cache/nuxt/.nuxt/dist/server/_nuxt/dashboard-BjpZhQNK.js                10.33 kB Γöé map:  27.52 kB
node_modules/.cache/nuxt/.nuxt/dist/server/_nuxt/nuxt-link-cbYWVr1p.js                11.70 kB Γöé map:  25.62 kB
node_modules/.cache/nuxt/.nuxt/dist/server/_nuxt/register-BR7M9HIU.js                 19.73 kB Γöé map:  17.27 kB
node_modules/.cache/nuxt/.nuxt/dist/server/_nuxt/pages-DCSbrwSb.js                    20.18 kB Γöé map:  53.47 kB
node_modules/.cache/nuxt/.nuxt/dist/server/_nuxt/login-BoOBw-MI.js                    26.77 kB Γöé map:  32.24 kB
node_modules/.cache/nuxt/.nuxt/dist/server/_nuxt/components-Bc8FTYDb.js               27.33 kB Γöé map:  63.22 kB
node_modules/.cache/nuxt/.nuxt/dist/server/_nuxt/useApiError-6EsDREt6.js              34.67 kB Γöé map:  46.34 kB
node_modules/.cache/nuxt/.nuxt/dist/server/_nuxt/driver-BS8ske_H.js                   74.13 kB Γöé map:  92.31 kB
node_modules/.cache/nuxt/.nuxt/dist/server/_nuxt/Button-BU7ij4TM.js                   75.93 kB Γöé map: 107.61 kB
node_modules/.cache/nuxt/.nuxt/dist/server/server.mjs                                155.30 kB Γöé map: 344.72 kB
node_modules/.cache/nuxt/.nuxt/dist/server/_nuxt/Select-DFq9sgR1.js                  180.75 kB Γöé map: 261.16 kB

[36mΓä╣[39m [32mΓ£ô built in 4.86s[39m
[32mΓ£ö[39m Server built in 4897ms
[90m[[90mnitro[90m][39m [32mΓ£ö[39m Generated public [36m.output/public[39m
[90m[[90mnitro[90m][39m [36mΓä╣[39m Building Nuxt Nitro server (preset: [36mnode-server[39m, compatibility date: [36m2025-07-15[39m)
[90m[[90mnitro[90m][39m [32mΓ£ö[39m Nuxt Nitro server built
[90m  Γö£ΓöÇ .output/server/chunks/_/error-500.mjs (5.05 kB)[39m[90m (2.07 kB gzip)[39m
[90m  Γö£ΓöÇ .output/server/chunks/_/error-500.mjs.map (182 B)[39m[90m (154 B gzip)[39m
[90m  Γö£ΓöÇ .output/server/chunks/_/nitro.mjs (185 kB)[39m[90m (47 kB gzip)[39m
[90m  Γö£ΓöÇ .output/server/chunks/_/nitro.mjs.map (3.31 kB)[39m[90m (841 B gzip)[39m
[90m  Γö£ΓöÇ .output/server/chunks/build/auth-Daj42KFx.mjs (1.76 kB)[39m[90m (764 B gzip)[39m
[90m  Γö£ΓöÇ .output/server/chunks/build/auth-Daj42KFx.mjs.map (272 B)[39m[90m (165 B gzip)[39m
[90m  Γö£ΓöÇ .output/server/chunks/build/dashboard-BjpZhQNK.mjs (10.9 kB)[39m[90m (3.11 kB gzip)[39m
[90m  Γö£ΓöÇ .output/server/chunks/build/dashboard-BjpZhQNK.mjs.map (5.87 kB)[39m[90m (1.4 kB gzip)[39m
[90m  Γö£ΓöÇ .output/server/chunks/build/dashboard-Dn_Vd1om.mjs (3.84 kB)[39m[90m (1.33 kB gzip)[39m
[90m  Γö£ΓöÇ .output/server/chunks/build/dashboard-Dn_Vd1om.mjs.map (1.44 kB)[39m[90m (444 B gzip)[39m
[90m  Γö£ΓöÇ .output/server/chunks/build/driver-BS8ske_H.mjs (74.5 kB)[39m[90m (11.1 kB gzip)[39m
[90m  Γö£ΓöÇ .output/server/chunks/build/driver-BS8ske_H.mjs.map (442 B)[39m[90m (265 B gzip)[39m
[90m  Γö£ΓöÇ .output/server/chunks/build/error-404-DuqYuHvN.mjs (5.68 kB)[39m[90m (2.35 kB gzip)[39m
[90m  Γö£ΓöÇ .output/server/chunks/build/error-404-DuqYuHvN.mjs.map (183 B)[39m[90m (161 B gzip)[39m
[90m  Γö£ΓöÇ .output/server/chunks/build/error-404-styles.CbLQIMfl.mjs (2.88 kB)[39m[90m (1.07 kB gzip)[39m
[90m  Γö£ΓöÇ .output/server/chunks/build/error-404-styles.CbLQIMfl.mjs.map (217 B)[39m[90m (168 B gzip)[39m
[90m  Γö£ΓöÇ .output/server/chunks/build/error-500-RfpjeEsN.mjs (5.02 kB)[39m[90m (2.1 kB gzip)[39m
[90m  Γö£ΓöÇ .output/server/chunks/build/error-500-RfpjeEsN.mjs.map (183 B)[39m[90m (161 B gzip)[39m
[90m  Γö£ΓöÇ .output/server/chunks/build/error-500-styles.CB5z51D_.mjs (2.35 kB)[39m[90m (949 B gzip)[39m
[90m  Γö£ΓöÇ .output/server/chunks/build/error-500-styles.CB5z51D_.mjs.map (217 B)[39m[90m (167 B gzip)[39m
[90m  Γö£ΓöÇ .output/server/chunks/build/google-D4G5hdfO.mjs (2.57 kB)[39m[90m (1.07 kB gzip)[39m
[90m  Γö£ΓöÇ .output/server/chunks/build/google-D4G5hdfO.mjs.map (697 B)[39m[90m (294 B gzip)[39m
[90m  Γö£ΓöÇ .output/server/chunks/build/index-styles.MU3pIPtq.mjs (2.3 kB)[39m[90m (934 B gzip)[39m
[90m  Γö£ΓöÇ .output/server/chunks/build/index-styles.MU3pIPtq.mjs.map (209 B)[39m[90m (165 B gzip)[39m
[90m  Γö£ΓöÇ .output/server/chunks/build/login-BoOBw-MI.mjs (27.2 kB)[39m[90m (5.18 kB gzip)[39m
[90m  Γö£ΓöÇ .output/server/chunks/build/login-BoOBw-MI.mjs.map (337 B)[39m[90m (234 B gzip)[39m
[90m  Γö£ΓöÇ .output/server/chunks/build/logo-white-DsJZx6wa.mjs (204 B)[39m[90m (174 B gzip)[39m
[90m  Γö£ΓöÇ .output/server/chunks/build/logo-white-DsJZx6wa.mjs.map (180 B)[39m[90m (153 B gzip)[39m
[90m  Γö£ΓöÇ .output/server/chunks/build/pages-DCSbrwSb.mjs (21.9 kB)[39m[90m (5.81 kB gzip)[39m
[90m  Γö£ΓöÇ .output/server/chunks/build/pages-DCSbrwSb.mjs.map (319 B)[39m[90m (203 B gzip)[39m
[90m  Γö£ΓöÇ .output/server/chunks/build/register-BR7M9HIU.mjs (20.2 kB)[39m[90m (3.07 kB gzip)[39m
[90m  Γö£ΓöÇ .output/server/chunks/build/register-BR7M9HIU.mjs.map (11.8 kB)[39m[90m (2.02 kB gzip)[39m
[90m  Γö£ΓöÇ .output/server/chunks/build/Select-DFq9sgR1.mjs (180 kB)[39m[90m (28.6 kB gzip)[39m
[90m  Γö£ΓöÇ .output/server/chunks/build/Select-DFq9sgR1.mjs.map (3.27 kB)[39m[90m (698 B gzip)[39m
[90m  Γö£ΓöÇ .output/server/chunks/build/useApiError-6EsDREt6.mjs (34.6 kB)[39m[90m (6.19 kB gzip)[39m
[90m  Γö£ΓöÇ .output/server/chunks/build/useApiError-6EsDREt6.mjs.map (715 B)[39m[90m (294 B gzip)[39m
[90m  Γö£ΓöÇ .output/server/chunks/build/web-CrHoB4bn.mjs (2.92 kB)[39m[90m (1.23 kB gzip)[39m
[90m  Γö£ΓöÇ .output/server/chunks/build/web-CrHoB4bn.mjs.map (931 B)[39m[90m (374 B gzip)[39m
[90m  Γö£ΓöÇ .output/server/chunks/routes/renderer.mjs (16.4 kB)[39m[90m (5.65 kB gzip)[39m
[90m  Γö£ΓöÇ .output/server/chunks/routes/renderer.mjs.map (1.04 kB)[39m[90m (301 B gzip)[39m
[90m  Γö£ΓöÇ .output/server/chunks/virtual/_virtual_spa-template.mjs (94 B)[39m[90m (100 B gzip)[39m
[90m  Γö£ΓöÇ .output/server/chunks/virtual/_virtual_spa-template.mjs.map (88 B)[39m[90m (97 B gzip)[39m
[90m  Γö£ΓöÇ .output/server/chunks/virtual/entry.mjs (307 kB)[39m[90m (68.9 kB gzip)[39m
[90m  Γö£ΓöÇ .output/server/chunks/virtual/entry.mjs.map (11.8 kB)[39m[90m (2.62 kB gzip)[39m
[90m  Γö£ΓöÇ .output/server/chunks/virtual/precomputed.mjs (17.6 kB)[39m[90m (2 kB gzip)[39m
[90m  Γö£ΓöÇ .output/server/chunks/virtual/precomputed.mjs.map (181 B)[39m[90m (150 B gzip)[39m
[90m  Γö£ΓöÇ .output/server/chunks/virtual/styles.mjs (504 B)[39m[90m (271 B gzip)[39m
[90m  Γö£ΓöÇ .output/server/chunks/virtual/styles.mjs.map (164 B)[39m[90m (142 B gzip)[39m
[90m  Γö£ΓöÇ .output/server/index.mjs (1.71 kB)[39m[90m (753 B gzip)[39m
[90m  ΓööΓöÇ .output/server/package.json (1.16 kB)[39m[90m (457 B gzip)[39m
[36m╬ú Total size:[39m 3.7 MB (900 kB gzip)
[90m[[90mnitro[90m][39m [32mΓ£ö[39m You can preview this build using [36mnode .output/server/index.mjs[39m
Γöé
Γöö  Γ£¿ Build complete!
